
> logistics-ai@0.0.0 build
> vite build

vite v8.0.3 building client environment for production...
[2Ktransforming...✓ 214 modules transformed.
rendering chunks...
✗ Build failed in 228ms
error during build:
Build failed with 1 error:

[31m[MISSING_EXPORT] Error:[0m "initDashboard" is not exported by "src/pages.js".
    [38;5;246m╭[0m[38;5;246m─[0m[38;5;246m[[0m src/main.js:11:39 [38;5;246m][0m
    [38;5;246m│[0m
 [38;5;246m11 │[0m [38;5;249m [0m[38;5;249m [0m[38;5;249mr[0m[38;5;249me[0m[38;5;249mn[0m[38;5;249md[0m[38;5;249me[0m[38;5;249mr[0m[38;5;249mC[0m[38;5;249mo[0m[38;5;249mp[0m[38;5;249mi[0m[38;5;249ml[0m[38;5;249mo[0m[38;5;249mt[0m[38;5;249m,[0m[38;5;249m [0m[38;5;249mr[0m[38;5;249me[0m[38;5;249mn[0m[38;5;249md[0m[38;5;249me[0m[38;5;249mr[0m[38;5;249mC[0m[38;5;249mo[0m[38;5;249mp[0m[38;5;249mi[0m[38;5;249ml[0m[38;5;249mo[0m[38;5;249mt[0m[38;5;249mR[0m[38;5;249me[0m[38;5;249ms[0m[38;5;249mu[0m[38;5;249ml[0m[38;5;249mt[0m[38;5;249m,[0m[38;5;249m [0minitDashboard
 [38;5;240m   │[0m                                       ──────┬──────  
 [38;5;240m   │[0m                                             ╰──────── Missing export
[38;5;246m────╯[0m

    at aggregateBindingErrorsIntoJsError (file:///Users/dhrutamacm2/Desktop/Logistics%20AI/node_modules/rolldown/dist/shared/error-BLhcSyeg.mjs:48:18)
    at unwrapBindingResult (file:///Users/dhrutamacm2/Desktop/Logistics%20AI/node_modules/rolldown/dist/shared/error-BLhcSyeg.mjs:18:128)
    at #build (file:///Users/dhrutamacm2/Desktop/Logistics%20AI/node_modules/rolldown/dist/shared/rolldown-build-CPrIX9V6.mjs:3313:34)
    at async buildEnvironment (file:///Users/dhrutamacm2/Desktop/Logistics%20AI/node_modules/vite/dist/node/chunks/node.js:32849:64)
    at async Object.build (file:///Users/dhrutamacm2/Desktop/Logistics%20AI/node_modules/vite/dist/node/chunks/node.js:33271:19)
    at async Object.buildApp (file:///Users/dhrutamacm2/Desktop/Logistics%20AI/node_modules/vite/dist/node/chunks/node.js:33268:153)
    at async CAC.<anonymous> (file:///Users/dhrutamacm2/Desktop/Logistics%20AI/node_modules/vite/dist/node/cli.js:778:3) {
  errors: [Getter/Setter]
}
